// Jest Snapshot v1, https://goo.gl/fbAQLP

exports[`default state 1`] = `
Object {
  "byId": Map {},
  "errors": Map {},
  "fetchStatus": Map {},
}
`;

exports[`fetch resource success 1`] = `
Object {
  "data": Array [],
  "timeRequested": 12345,
  "total": Object {
    "units": "USD",
    "value": 100,
  },
}
`;
