// Jest Snapshot v1, https://goo.gl/fbAQLP

exports[`default state 1`] = `
Object {
  "isCurrencyFeatureEnabled": false,
  "isExportsFeatureEnabled": false,
  "isIbmFeatureEnabled": false,
  "isOciFeatureEnabled": false,
}
`;
