// Jest Snapshot v1, https://goo.gl/fbAQLP

exports[`reports are formatted to datums: current month data 1`] = `Array []`;

exports[`reports are formatted to datums: previous month data 1`] = `Array []`;

exports[`trend is a daily value: current month data 1`] = `Array []`;

exports[`trend is a running total: current month data 1`] = `Array []`;
