// Jest Snapshot v1, https://goo.gl/fbAQLP

exports[`renders login if isLoggedIn is false 1`] = `
<withRouter(PageTitleBase)>
  <Routes />
</withRouter(PageTitleBase)>
`;

exports[`renders page layout 1`] = `
<withRouter(PageTitleBase)>
  <Routes />
</withRouter(PageTitleBase)>
`;
