// Jest Snapshot v1, https://goo.gl/fbAQLP

exports[`reports are formatted to datums: current month request data 1`] = `Array []`;

exports[`reports are formatted to datums: current month usage data 1`] = `Array []`;

exports[`reports are formatted to datums: previous month request data 1`] = `Array []`;

exports[`reports are formatted to datums: previous month usage data 1`] = `Array []`;

exports[`trend is a daily value: current month data 1`] = `
Array [
  Object {
    "date": "1-15-18",
    "values": Array [
      Object {
        "date": "1-15-18",
        "units": "unit",
        "usage": 1,
      },
    ],
  },
  Object {
    "date": "1-16-18",
    "values": Array [
      Object {
        "date": "1-16-18",
        "units": "unit",
        "usage": 2,
      },
    ],
  },
]
`;

exports[`trend is a running total: current month data 1`] = `
Array [
  Object {
    "date": "1-15-18",
    "values": Array [
      Object {
        "date": "1-15-18",
        "units": "unit",
        "usage": 1,
      },
    ],
  },
  Object {
    "date": "1-16-18",
    "values": Array [
      Object {
        "date": "1-16-18",
        "units": "unit",
        "usage": 2,
      },
    ],
  },
]
`;
